// Jest Snapshot v1, https://goo.gl/fbAQLP

exports[`StatefulTextarea basic render: renders <StatefulContainer/> 1`] = `
<StatefulContainer
  initialState={Object {}}
  onChange={[MockFunction]}
  onClear={[Function]}
  overrides={
    Object {
      "Input": [Function],
    }
  }
  stateReducer={[Function]}
>
  <Component />
</StatefulContainer>
`;

exports[`StatefulTextarea basic render: renders <Textarea/> as a child 1`] = `
<Textarea
  autoFocus={false}
  disabled={false}
  error={false}
  name=""
  onBlur={[Function]}
  onChange={[Function]}
  onClear={[Function]}
  onFocus={[Function]}
  onKeyDown={[Function]}
  onKeyPress={[Function]}
  onKeyUp={[Function]}
  overrides={
    Object {
      "Input": [Function],
    }
  }
  placeholder=""
  required={false}
  rows={3}
  size="default"
  value=""
/>
`;
