// Jest Snapshot v1, https://goo.gl/fbAQLP

exports[`Pagination Styled Components DropdownButton - basic renders: correct styles 1`] = `
Object {
  "color": "$theme.colors.black",
  "minWidth": "calc($theme.sizing.scale1600 + $theme.sizing.scale400)",
}
`;

exports[`Pagination Styled Components DropdownContainer - basic renders: correct styles 1`] = `
Object {
  "marginLeft": "$theme.sizing.scale600",
  "marginRight": "$theme.sizing.scale300",
  "position": "relative",
}
`;

exports[`Pagination Styled Components DropdownMenu - basic renders: correct styles 1`] = `
Object {
  "left": 0,
  "marginTop": "$theme.sizing.scale300",
  "maxHeight": "200px",
  "overflow": "auto",
  "position": "absolute",
  "right": 0,
  "top": "auto",
}
`;

exports[`Pagination Styled Components MaxLabel - basic renders: correct styles 1`] = `
Object {
  "fontFamily": "$theme.typography.font300.fontFamily",
  "fontSize": "$theme.typography.font300.fontSize",
  "fontWeight": "$theme.typography.font300.fontWeight",
  "lineHeight": "$theme.typography.font300.lineHeight",
  "marginLeft": "$theme.sizing.scale300",
  "marginRight": "$theme.sizing.scale600",
}
`;

exports[`Pagination Styled Components Root - basic renders: correct styles 1`] = `
Object {
  "alignItems": "center",
  "display": "flex",
}
`;
