// Jest Snapshot v1, https://goo.gl/fbAQLP

exports[`ButtonGroup styled components default styled: StyledRoot has expected default styles 1`] = `
Object {
  "display": "flex",
}
`;

exports[`ButtonGroup styled components first: StyledRoot has expected styles when first element in group 1`] = `
Object {
  "display": "flex",
}
`;

exports[`ButtonGroup styled components last: StyledRoot has expected styles when last element in group 1`] = `
Object {
  "display": "flex",
}
`;
