// Jest Snapshot v1, https://goo.gl/fbAQLP

exports[`Breadcrumbs displays separators in correct positions 1`] = `
<MockStyledComponent
  aria-label="Breadcrumbs navigation"
>
  <MockStyledComponent
    href="#"
  >
    Parent Page
  </MockStyledComponent>
  <MockStyledComponent
    key="0"
  >
    <MockStyledComponent />
  </MockStyledComponent>
  <MockStyledComponent
    href="#"
  >
    Sub-Parent Page
  </MockStyledComponent>
  <MockStyledComponent
    key="1"
  >
    <MockStyledComponent />
  </MockStyledComponent>
  <span>
    Current Page
  </span>
</MockStyledComponent>
`;
