// Jest Snapshot v1, https://goo.gl/fbAQLP

exports[`Breadcrumbs displays separators in correct positions 1`] = `
<StyledRoot
  aria-label="Breadcrumbs navigation"
>
  <Link
    href="#"
  >
    Parent Page
  </Link>
  <StyledSeparator
    key="0"
  >
    <StyledIcon />
  </StyledSeparator>
  <Link
    href="#"
  >
    Sub-Parent Page
  </Link>
  <StyledSeparator
    key="1"
  >
    <StyledIcon />
  </StyledSeparator>
  <span>
    Current Page
  </span>
</StyledRoot>
`;
