// Jest Snapshot v1, https://goo.gl/fbAQLP

exports[`Stateless header navigation should render component: Component has correct render 1`] = `
<HeaderNavigation
  overrides={Object {}}
>
  <ForwardRef
    data-baseweb="header-navigation"
    role="navigation"
  >
    <MockStyledComponent
      data-baseweb="header-navigation"
      forwardedRef={null}
      role="navigation"
    >
      <nav
        data-baseweb="header-navigation"
        role="navigation"
        styled-component="true"
        test-style={
          Object {
            "backgroundColor": "$theme.colors.headerNavigationFill",
            "borderBottom": "1px solid $theme.colors.border",
            "display": "flex",
            "fontFamily": "$theme.typography.font300.fontFamily",
            "fontSize": "$theme.typography.font300.fontSize",
            "fontWeight": "$theme.typography.font300.fontWeight",
            "lineHeight": "$theme.typography.font300.lineHeight",
            "paddingBottom": "$theme.sizing.scale500",
            "paddingTop": "$theme.sizing.scale500",
          }
        }
      >
        Some tag
      </nav>
    </MockStyledComponent>
  </ForwardRef>
</HeaderNavigation>
`;
