// Jest Snapshot v1, https://goo.gl/fbAQLP

exports[`Stateless header navigation should render component: Component has correct render 1`] = `
<HeaderNavigation
  overrides={Object {}}
>
  <StyledRoot
    role="navigation"
  >
    <nav
      role="navigation"
      styled-component="true"
    >
      Some tag
    </nav>
  </StyledRoot>
</HeaderNavigation>
`;
