// Jest Snapshot v1, https://goo.gl/fbAQLP

exports[`Stateless progress bar should render component: Component has correct render 1`] = `
<ProgressBar
  getProgressLabel={[MockFunction]}
  overrides={Object {}}
  showLabel={false}
  successValue={100}
  value={75}
>
  <Root
    $successValue={100}
    $value={75}
    role="progressbar"
  >
    <div
      role="progressbar"
      styled-component="true"
    >
      <Bar
        $successValue={100}
        $value={75}
      >
        <div
          styled-component="true"
        >
          <BarProgress
            $successValue={100}
            $value={75}
          >
            <div
              styled-component="true"
            />
          </BarProgress>
        </div>
      </Bar>
    </div>
  </Root>
</ProgressBar>
`;
